// Jest Snapshot v1, https://goo.gl/fbAQLP

exports[`CharacterCard Component renders correctly 1`] = `
<div>
  <div
    class="card"
  >
    <div
      class="image_container"
    >
      <div
        class="loader"
      />
      <img
        alt="Character"
        class="character_img"
        src=""
        style="display: none;"
      />
    </div>
    <div
      class="text_container"
    >
      <a
        class="card_link"
        href="/character/1"
      >
        <h2
          class="card_title"
        >
          Rick
        </h2>
      </a>
      <button
        aria-label="Add to favorites"
        class="favorite"
        name="favorite"
        type="button"
        value="false"
      >
        â˜†
      </button>
    </div>
  </div>
</div>
`;
