// Jest Snapshot v1, https://goo.gl/fbAQLP

exports[`Footer Component renders correctly 1`] = `
<div>
  <footer
    class="footer"
  >
    <div
      class="container"
    />
  </footer>
</div>
`;
