// Jest Snapshot v1, https://goo.gl/fbAQLP

exports[`Header Component renders correctly 1`] = `
<div>
  <header
    class="header"
  >
    <div
      class="container"
    />
  </header>
</div>
`;
