// Vitest Snapshot v1, https://vitest.dev/guide/snapshot.html

exports[`Root route > renders correctly 1`] = `
<div>
  <main
    class="main"
    role="presentation"
  >
    <section>
      <form
        class="_search_form_5ff5ab"
      >
        <input
          class="_search_5ff5ab"
          id="search"
          placeholder="Search..."
          type="text"
          value=""
        />
        <button
          aria-label="Search-button"
          class="_search_button_5ff5ab"
          type="submit"
        />
      </form>
    </section>
    <section
      class="_results_24fb31"
    >
      <div
        class="_character_24fb31"
      >
        <div
          class="_results_04010f"
        >
          <ul
            class="_characters_04010f"
            role="presentation"
          >
            <li
              class="_characters_item_04010f"
            >
              <div
                class="_card_0086a2"
              >
                <div
                  class="_image_container_de2c00"
                >
                  <div
                    class="_loader_d8e6ec"
                  />
                  <img
                    alt="Character"
                    class="_hidden_de2c00"
                    height="300"
                    src="https://rickandmortyapi.com/api/character/avatar/1.jpeg"
                    width="300"
                  />
                </div>
                <div
                  class="_text_container_0086a2"
                >
                  <div>
                    <h2
                      class="_card_title_0086a2"
                    >
                      Rick
                    </h2>
                  </div>
                  <button
                    aria-label="Add to favorites"
                    class="_favorite_99b3bf"
                    name="favorite"
                    type="button"
                    value="false"
                  >
                    ☆
                  </button>
                </div>
              </div>
            </li>
            <li
              class="_characters_item_04010f"
            >
              <div
                class="_card_0086a2"
              >
                <div
                  class="_image_container_de2c00"
                >
                  <div
                    class="_loader_d8e6ec"
                  />
                  <img
                    alt="Character"
                    class="_hidden_de2c00"
                    height="300"
                    src="https://rickandmortyapi.com/api/character/avatar/2.jpeg"
                    width="300"
                  />
                </div>
                <div
                  class="_text_container_0086a2"
                >
                  <div>
                    <h2
                      class="_card_title_0086a2"
                    >
                      Morty
                    </h2>
                  </div>
                  <button
                    aria-label="Add to favorites"
                    class="_favorite_99b3bf"
                    name="favorite"
                    type="button"
                    value="false"
                  >
                    ☆
                  </button>
                </div>
              </div>
            </li>
          </ul>
          <div
            class="_pagination_34bd36"
          >
            <div
              class="_pagination_box_34bd36"
            >
              <div
                class="_pages_34bd36"
              >
                <span>
                  1
                </span>
                -
                <span>
                  1
                </span>
              </div>
            </div>
          </div>
        </div>
      </div>
    </section>
  </main>
</div>
`;
